#!/bin/bash

################################################################################
#  File:  ./pkg/bundler/testdata/main_embedded.sh
#  Bundle Date: 2021-06-17 12:30:26
################################################################################


STATEMENT=$(

################################################################################
#  File:  ./pkg/bundler/testdata/nested/second.sh
#  Bundle Date: 2021-06-17 12:30:26
################################################################################


echo "Cats are better than dogs!"


################################################################################
#  End File:  ./pkg/bundler/testdata/nested/second.sh
################################################################################


)
echo "$STATEMENT"
echo "Are Not!"


################################################################################
#  End File:  ./pkg/bundler/testdata/main_embedded.sh
################################################################################


