#!/bin/bash

################################################################################
#  File:  ./test_scripts/main_nested.sh
#  Bundle Date: 2021-06-09 10:18:49
################################################################################




################################################################################
#  File:  ./test_scripts/nested/second.sh
#  Bundle Date: 2021-06-09 10:18:49
################################################################################


echo "Cats are better than dogs!"


################################################################################
#  End File:  ./test_scripts/nested/second.sh
################################################################################


echo "Are Not!"


################################################################################
#  End File:  ./test_scripts/main_nested.sh
################################################################################


