#!/bin/bash

################################################################################
#  File:  ./test_scripts/nested/parent_main.sh
#  Bundle Date: 2021-06-09 10:19:55
################################################################################




################################################################################
#  File:  ./test_scripts/nested/../other.sh
#  Bundle Date: 2021-06-09 10:19:55
################################################################################


echo "Loser!"


################################################################################
#  End File:  ./test_scripts/nested/../other.sh
################################################################################


echo "Am Not!"


################################################################################
#  End File:  ./test_scripts/nested/parent_main.sh
################################################################################


