#!/bin/bash

################################################################################
#  File:  ./test_scripts/main.sh
#  Bundle Date: 2021-06-09 10:15:57
################################################################################




################################################################################
#  File:  ./test_scripts/other.sh
#  Bundle Date: 2021-06-09 10:15:57
################################################################################


echo "Loser!"


################################################################################
#  End File:  ./test_scripts/other.sh
################################################################################


echo "Am Not!"


################################################################################
#  End File:  ./test_scripts/main.sh
################################################################################


